../Src/main.c:73:5:main	8	static
../Src/main.c:91:6:idle_task	4	static
../Src/main.c:95:6:task1_handler	8	static
../Src/main.c:101:6:task2_handler	8	static
../Src/main.c:107:6:task3_handler	8	static
../Src/main.c:113:6:task4_handler	8	static
../Src/main.c:120:6:init_systick_timer	32	static
../Src/main.c:142:29:switch_sp_to_psp	0	static,ignoring_inline_asm
../Src/main.c:157:29:init_scheduler_stack	0	static,ignoring_inline_asm
../Src/main.c:166:6:init_tasks_stack	24	static
../Src/main.c:204:6:save_psp_value	16	static
../Src/main.c:208:6:update_next_task	16	static
../Src/main.c:226:10:get_psp_value	4	static
../Src/main.c:232:6:schedule	16	static
../Src/main.c:238:6:task_delay	16	static
../Src/main.c:246:29:PendSV_Handler	0	static,ignoring_inline_asm
../Src/main.c:272:6:updated_global_tick_count	4	static
../Src/main.c:276:6:unblock_task	16	static
../Src/main.c:286:6:SysTick_Handler	16	static
../Src/main.c:299:6:enable_processor_faults	16	static
../Src/main.c:306:6:HardFault_Handler	8	static
../Src/main.c:311:6:MemMangae_Handler	8	static
../Src/main.c:316:6:BusFault_Handler	8	static
