Archive member included to satisfy reference by file (symbol)

/Applications/STM32CubeIDE.app/Contents/Eclipse/plugins/com.st.stm32cube.ide.mcu.externaltools.gnu-tools-for-stm32.10.3-2021.10.macos64_1.0.100.202210260954/tools/bin/../lib/gcc/arm-none-eabi/10.3.1/../../../../arm-none-eabi/lib/thumb/v7e-m+fp/hard/libc_nano.a(lib_a-exit.o)
                              /Applications/STM32CubeIDE.app/Contents/Eclipse/plugins/com.st.stm32cube.ide.mcu.externaltools.gnu-tools-for-stm32.10.3-2021.10.macos64_1.0.100.202210260954/tools/bin/../lib/gcc/arm-none-eabi/10.3.1/../../../../arm-none-eabi/lib/thumb/v7e-m+fp/hard/rdimon-crt0.o (exit)
/Applications/STM32CubeIDE.app/Contents/Eclipse/plugins/com.st.stm32cube.ide.mcu.externaltools.gnu-tools-for-stm32.10.3-2021.10.macos64_1.0.100.202210260954/tools/bin/../lib/gcc/arm-none-eabi/10.3.1/../../../../arm-none-eabi/lib/thumb/v7e-m+fp/hard/libc_nano.a(lib_a-impure.o)
                              /Applications/STM32CubeIDE.app/Contents/Eclipse/plugins/com.st.stm32cube.ide.mcu.externaltools.gnu-tools-for-stm32.10.3-2021.10.macos64_1.0.100.202210260954/tools/bin/../lib/gcc/arm-none-eabi/10.3.1/../../../../arm-none-eabi/lib/thumb/v7e-m+fp/hard/libc_nano.a(lib_a-exit.o) (_global_impure_ptr)
/Applications/STM32CubeIDE.app/Contents/Eclipse/plugins/com.st.stm32cube.ide.mcu.externaltools.gnu-tools-for-stm32.10.3-2021.10.macos64_1.0.100.202210260954/tools/bin/../lib/gcc/arm-none-eabi/10.3.1/../../../../arm-none-eabi/lib/thumb/v7e-m+fp/hard/libc_nano.a(lib_a-init.o)
                              /Applications/STM32CubeIDE.app/Contents/Eclipse/plugins/com.st.stm32cube.ide.mcu.externaltools.gnu-tools-for-stm32.10.3-2021.10.macos64_1.0.100.202210260954/tools/bin/../lib/gcc/arm-none-eabi/10.3.1/../../../../arm-none-eabi/lib/thumb/v7e-m+fp/hard/rdimon-crt0.o (__libc_init_array)
/Applications/STM32CubeIDE.app/Contents/Eclipse/plugins/com.st.stm32cube.ide.mcu.externaltools.gnu-tools-for-stm32.10.3-2021.10.macos64_1.0.100.202210260954/tools/bin/../lib/gcc/arm-none-eabi/10.3.1/../../../../arm-none-eabi/lib/thumb/v7e-m+fp/hard/libc_nano.a(lib_a-memset.o)
                              /Applications/STM32CubeIDE.app/Contents/Eclipse/plugins/com.st.stm32cube.ide.mcu.externaltools.gnu-tools-for-stm32.10.3-2021.10.macos64_1.0.100.202210260954/tools/bin/../lib/gcc/arm-none-eabi/10.3.1/../../../../arm-none-eabi/lib/thumb/v7e-m+fp/hard/rdimon-crt0.o (memset)
/Applications/STM32CubeIDE.app/Contents/Eclipse/plugins/com.st.stm32cube.ide.mcu.externaltools.gnu-tools-for-stm32.10.3-2021.10.macos64_1.0.100.202210260954/tools/bin/../lib/gcc/arm-none-eabi/10.3.1/../../../../arm-none-eabi/lib/thumb/v7e-m+fp/hard/libc_nano.a(lib_a-strlen.o)
                              ./Src/009USART_send_test.o (strlen)
/Applications/STM32CubeIDE.app/Contents/Eclipse/plugins/com.st.stm32cube.ide.mcu.externaltools.gnu-tools-for-stm32.10.3-2021.10.macos64_1.0.100.202210260954/tools/bin/../lib/gcc/arm-none-eabi/10.3.1/../../../../arm-none-eabi/lib/thumb/v7e-m+fp/hard/librdimon_nano.a(rdimon-syscalls.o)
                              /Applications/STM32CubeIDE.app/Contents/Eclipse/plugins/com.st.stm32cube.ide.mcu.externaltools.gnu-tools-for-stm32.10.3-2021.10.macos64_1.0.100.202210260954/tools/bin/../lib/gcc/arm-none-eabi/10.3.1/../../../../arm-none-eabi/lib/thumb/v7e-m+fp/hard/rdimon-crt0.o (initialise_monitor_handles)
/Applications/STM32CubeIDE.app/Contents/Eclipse/plugins/com.st.stm32cube.ide.mcu.externaltools.gnu-tools-for-stm32.10.3-2021.10.macos64_1.0.100.202210260954/tools/bin/../lib/gcc/arm-none-eabi/10.3.1/../../../../arm-none-eabi/lib/thumb/v7e-m+fp/hard/librdimon_nano.a(rdimon-_exit.o)
                              /Applications/STM32CubeIDE.app/Contents/Eclipse/plugins/com.st.stm32cube.ide.mcu.externaltools.gnu-tools-for-stm32.10.3-2021.10.macos64_1.0.100.202210260954/tools/bin/../lib/gcc/arm-none-eabi/10.3.1/../../../../arm-none-eabi/lib/thumb/v7e-m+fp/hard/libc_nano.a(lib_a-exit.o) (_exit)
/Applications/STM32CubeIDE.app/Contents/Eclipse/plugins/com.st.stm32cube.ide.mcu.externaltools.gnu-tools-for-stm32.10.3-2021.10.macos64_1.0.100.202210260954/tools/bin/../lib/gcc/arm-none-eabi/10.3.1/../../../../arm-none-eabi/lib/thumb/v7e-m+fp/hard/librdimon_nano.a(rdimon-_kill.o)
                              /Applications/STM32CubeIDE.app/Contents/Eclipse/plugins/com.st.stm32cube.ide.mcu.externaltools.gnu-tools-for-stm32.10.3-2021.10.macos64_1.0.100.202210260954/tools/bin/../lib/gcc/arm-none-eabi/10.3.1/../../../../arm-none-eabi/lib/thumb/v7e-m+fp/hard/librdimon_nano.a(rdimon-_exit.o) (_kill_shared)
/Applications/STM32CubeIDE.app/Contents/Eclipse/plugins/com.st.stm32cube.ide.mcu.externaltools.gnu-tools-for-stm32.10.3-2021.10.macos64_1.0.100.202210260954/tools/bin/../lib/gcc/arm-none-eabi/10.3.1/../../../../arm-none-eabi/lib/thumb/v7e-m+fp/hard/libc_nano.a(lib_a-errno.o)
[...]
Memory Configuration

Name             Origin             Length             Attributes
RAM              0x0000000020000000 0x0000000000020000 xrw
FLASH            0x0000000008000000 0x0000000000080000 xr
*default*        0x0000000000000000 0xffffffffffffffff

Linker script and memory map

LOAD /Applications/STM32CubeIDE.app/Contents/Eclipse/plugins/com.st.stm32cube.ide.mcu.externaltools.gnu-tools-for-stm32.10.3-2021.10.macos64_1.0.100.202210260954/tools/bin/../lib/gcc/arm-none-eabi/10.3.1/thumb/v7e-m+fp/hard/crti.o
LOAD /Applications/STM32CubeIDE.app/Contents/Eclipse/plugins/com.st.stm32cube.ide.mcu.externaltools.gnu-tools-for-stm32.10.3-2021.10.macos64_1.0.100.202210260954/tools/bin/../lib/gcc/arm-none-eabi/10.3.1/thumb/v7e-m+fp/hard/crtbegin.o
LOAD /Applications/STM32CubeIDE.app/Contents/Eclipse/plugins/com.st.stm32cube.ide.mcu.externaltools.gnu-tools-for-stm32.10.3-2021.10.macos64_1.0.100.202210260954/tools/bin/../lib/gcc/arm-none-eabi/10.3.1/../../../../arm-none-eabi/lib/thumb/v7e-m+fp/hard/rdimon-crt0.o
LOAD ./Src/009USART_send_test.o
LOAD ./Startup/startup_stm32f446zetx.o
LOAD ./drivers/Src/stm32f446_gpio_driver.o
LOAD ./drivers/Src/stm32f446_i2c_driver.o
LOAD ./drivers/Src/stm32f446_rcc_driver.o
LOAD ./drivers/Src/stm32f446_spi_driver.o
LOAD ./drivers/Src/stm32f446_usart_driver.o
LOAD /Applications/STM32CubeIDE.app/Contents/Eclipse/plugins/com.st.stm32cube.ide.mcu.externaltools.gnu-tools-for-stm32.10.3-2021.10.macos64_1.0.100.202210260954/tools/bin/../lib/gcc/arm-none-eabi/10.3.1/../../../../arm-none-eabi/lib/thumb/v7e-m+fp/hard/libc_nano.a
LOAD /Applications/STM32CubeIDE.app/Contents/Eclipse/plugins/com.st.stm32cube.ide.mcu.externaltools.gnu-tools-for-stm32.10.3-2021.10.macos64_1.0.100.202210260954/tools/bin/../lib/gcc/arm-none-eabi/10.3.1/../../../../arm-none-eabi/lib/thumb/v7e-m+fp/hard/librdimon_nano.a
START GROUP
LOAD /Applications/STM32CubeIDE.app/Contents/Eclipse/plugins/com.st.stm32cube.ide.mcu.externaltools.gnu-tools-for-stm32.10.3-2021.10.macos64_1.0.100.202210260954/tools/bin/../lib/gcc/arm-none-eabi/10.3.1/../../../../arm-none-eabi/lib/thumb/v7e-m+fp/hard/libc_nano.a
LOAD /Applications/STM32CubeIDE.app/Contents/Eclipse/plugins/com.st.stm32cube.ide.mcu.externaltools.gnu-tools-for-stm32.10.3-2021.10.macos64_1.0.100.202210260954/tools/bin/../lib/gcc/arm-none-eabi/10.3.1/../../../../arm-none-eabi/lib/thumb/v7e-m+fp/hard/libm.a
END GROUP
START GROUP
LOAD /Applications/STM32CubeIDE.app/Contents/Eclipse/plugins/com.st.stm32cube.ide.mcu.externaltools.gnu-tools-for-stm32.10.3-2021.10.macos64_1.0.100.202210260954/tools/bin/../lib/gcc/arm-none-eabi/10.3.1/thumb/v7e-m+fp/hard/libgcc.a
LOAD /Applications/STM32CubeIDE.app/Contents/Eclipse/plugins/com.st.stm32cube.ide.mcu.externaltools.gnu-tools-for-stm32.10.3-2021.10.macos64_1.0.100.202210260954/tools/bin/../lib/gcc/arm-none-eabi/10.3.1/../../../../arm-none-eabi/lib/thumb/v7e-m+fp/hard/libc_nano.a
END GROUP
START GROUP
LOAD /Applications/STM32CubeIDE.app/Contents/Eclipse/plugins/com.st.stm32cube.ide.mcu.externaltools.gnu-tools-for-stm32.10.3-2021.10.macos64_1.0.100.202210260954/tools/bin/../lib/gcc/arm-none-eabi/10.3.1/thumb/v7e-m+fp/hard/libgcc.a
LOAD /Applications/STM32CubeIDE.app/Contents/Eclipse/plugins/com.st.stm32cube.ide.mcu.externaltools.gnu-tools-for-stm32.10.3-2021.10.macos64_1.0.100.202210260954/tools/bin/../lib/gcc/arm-none-eabi/10.3.1/../../../../arm-none-eabi/lib/thumb/v7e-m+fp/hard/libc_nano.a
LOAD /Applications/STM32CubeIDE.app/Contents/Eclipse/plugins/com.st.stm32cube.ide.mcu.externaltools.gnu-tools-for-stm32.10.3-2021.10.macos64_1.0.100.202210260954/tools/bin/../lib/gcc/arm-none-eabi/10.3.1/../../../../arm-none-eabi/lib/thumb/v7e-m+fp/hard/libnosys.a
END GROUP
START GROUP
LOAD /Applications/STM32CubeIDE.app/Contents/Eclipse/plugins/com.st.stm32cube.ide.mcu.externaltools.gnu-tools-for-stm32.10.3-2021.10.macos64_1.0.100.202210260954/tools/bin/../lib/gcc/arm-none-eabi/10.3.1/thumb/v7e-m+fp/hard/libgcc.a
LOAD /Applications/STM32CubeIDE.app/Contents/Eclipse/plugins/com.st.stm32cube.ide.mcu.externaltools.gnu-tools-for-stm32.10.3-2021.10.macos64_1.0.100.202210260954/tools/bin/../lib/gcc/arm-none-eabi/10.3.1/../../../../arm-none-eabi/lib/thumb/v7e-m+fp/hard/libc_nano.a
LOAD /Applications/STM32CubeIDE.app/Contents/Eclipse/plugins/com.st.stm32cube.ide.mcu.externaltools.gnu-tools-for-stm32.10.3-2021.10.macos64_1.0.100.202210260954/tools/bin/../lib/gcc/arm-none-eabi/10.3.1/../../../../arm-none-eabi/lib/thumb/v7e-m+fp/hard/librdimon_nano.a
END GROUP
START GROUP
LOAD /Applications/STM32CubeIDE.app/Contents/Eclipse/plugins/com.st.stm32cube.ide.mcu.externaltools.gnu-tools-for-stm32.10.3-2021.10.macos64_1.0.100.202210260954/tools/bin/../lib/gcc/arm-none-eabi/10.3.1/thumb/v7e-m+fp/hard/libgcc.a
LOAD /Applications/STM32CubeIDE.app/Contents/Eclipse/plugins/com.st.stm32cube.ide.mcu.externaltools.gnu-tools-for-stm32.10.3-2021.10.macos64_1.0.100.202210260954/tools/bin/../lib/gcc/arm-none-eabi/10.3.1/../../../../arm-none-eabi/lib/thumb/v7e-m+fp/hard/libc_nano.a
LOAD /Applications/STM32CubeIDE.app/Contents/Eclipse/plugins/com.st.stm32cube.ide.mcu.externaltools.gnu-tools-for-stm32.10.3-2021.10.macos64_1.0.100.202210260954/tools/bin/../lib/gcc/arm-none-eabi/10.3.1/../../../../arm-none-eabi/lib/thumb/v7e-m+fp/hard/librdimon_nano.a
LOAD /Applications/STM32CubeIDE.app/Contents/Eclipse/plugins/com.st.stm32cube.ide.mcu.externaltools.gnu-tools-for-stm32.10.3-2021.10.macos64_1.0.100.202210260954/tools/bin/../lib/gcc/arm-none-eabi/10.3.1/../../../../arm-none-eabi/lib/thumb/v7e-m+fp/hard/libnosys.a
END GROUP
LOAD /Applications/STM32CubeIDE.app/Contents/Eclipse/plugins/com.st.stm32cube.ide.mcu.externaltools.gnu-tools-for-stm32.10.3-2021.10.macos64_1.0.100.202210260954/tools/bin/../lib/gcc/arm-none-eabi/10.3.1/thumb/v7e-m+fp/hard/crtend.o
LOAD /Applications/STM32CubeIDE.app/Contents/Eclipse/plugins/com.st.stm32cube.ide.mcu.externaltools.gnu-tools-for-stm32.10.3-2021.10.macos64_1.0.100.202210260954/tools/bin/../lib/gcc/arm-none-eabi/10.3.1/thumb/v7e-m+fp/hard/crtn.o
                0x0000000020020000                _estack = (ORIGIN (RAM) + LENGTH (RAM))
                0x0000000000000200                _Min_Heap_Size = 0x200
                0x0000000000000400                _Min_Stack_Size = 0x400

.isr_vector     0x0000000008000000      0x1c4
                0x0000000008000000                . = ALIGN (0x4)
 *(.isr_vector)
 .isr_vector    0x0000000008000000      0x1c4 ./Startup/startup_stm32f446zetx.o
                0x0000000008000000                g_pfnVectors
                0x00000000080001c4                . = ALIGN (0x4)

.text           0x00000000080001c4      0xba0
                0x00000000080001c4                . = ALIGN (0x4)
 *(.text)
 .text          0x00000000080001c4       0x40 /Applications/STM32CubeIDE.app/Contents/Eclipse/plugins/com.st.stm32cube.ide.mcu.externaltools.gnu-tools-for-stm32.10.3-2021.10.macos64_1.0.100.202210260954/tools/bin/../lib/gcc/arm-none-eabi/10.3.1/thumb/v7e-m+fp/hard/crtbegin.o
 .text          0x0000000008000204       0x10 /Applications/STM32CubeIDE.app/Contents/Eclipse/plugins/com.st.stm32cube.ide.mcu.externaltools.gnu-tools-for-stm32.10.3-2021.10.macos64_1.0.100.202210260954/tools/bin/../lib/gcc/arm-none-eabi/10.3.1/../../../../arm-none-eabi/lib/thumb/v7e-m+fp/hard/libc_nano.a(lib_a-strlen.o)
                0x0000000008000204                strlen
 *(.text*)
 .text.USART2_Init
                0x0000000008000214       0x44 ./Src/009USART_send_test.o
                0x0000000008000214                USART2_Init
 .text.USART2_GPIOInit
                0x0000000008000258       0x44 ./Src/009USART_send_test.o
                0x0000000008000258                USART2_GPIOInit
 .text.GPIO_ButtonInit
                0x000000000800029c       0x54 ./Src/009USART_send_test.o
                0x000000000800029c                GPIO_ButtonInit
 .text.delay    0x00000000080002f0       0x2c ./Src/009USART_send_test.o
                0x00000000080002f0                delay
 .text.main     0x000000000800031c       0x50 ./Src/009USART_send_test.o
                0x000000000800031c                main
 .text.Reset_Handler
                0x000000000800036c       0x50 ./Startup/startup_stm32f446zetx.o
                0x000000000800036c                Reset_Handler
 .text.Default_Handler
                0x00000000080003bc        0x2 ./Startup/startup_stm32f446zetx.o
                0x00000000080003bc                DMA1_Stream3_IRQHandler
                0x00000000080003bc                EXTI2_IRQHandler
                0x00000000080003bc                TIM8_CC_IRQHandler
                0x00000000080003bc                SPDIF_Rx_IRQHandler
                0x00000000080003bc                DebugMon_Handler
                0x00000000080003bc                SPI4_IRQHandler
                0x00000000080003bc                TIM1_CC_IRQHandler
                0x00000000080003bc                QuadSPI_IRQHandler
                0x00000000080003bc                DMA2_Stream5_IRQHandler
                0x00000000080003bc                HardFault_Handler
                0x00000000080003bc                DMA1_Stream5_IRQHandler
                0x00000000080003bc                SysTick_Handler
                0x00000000080003bc                PVD_IRQHandler
                0x00000000080003bc                SDIO_IRQHandler
                0x00000000080003bc                TAMP_STAMP_IRQHandler
                0x00000000080003bc                PendSV_Handler
                0x00000000080003bc                NMI_Handler
                0x00000000080003bc                CAN2_RX1_IRQHandler
                0x00000000080003bc                EXTI3_IRQHandler
                0x00000000080003bc                TIM8_TRG_COM_TIM14_IRQHandler
                0x00000000080003bc                TIM1_UP_TIM10_IRQHandler
                0x00000000080003bc                FMPI2C1_error_IRQHandler
                0x00000000080003bc                TIM8_UP_TIM13_IRQHandler
                0x00000000080003bc                I2C3_ER_IRQHandler
                0x00000000080003bc                EXTI0_IRQHandler
                0x00000000080003bc                I2C2_EV_IRQHandler
                0x00000000080003bc                DMA1_Stream2_IRQHandler
                0x00000000080003bc                CAN1_RX0_IRQHandler
                0x00000000080003bc                FPU_IRQHandler
                0x00000000080003bc                OTG_HS_WKUP_IRQHandler
                0x00000000080003bc                UsageFault_Handler
                0x00000000080003bc                CAN2_SCE_IRQHandler
                0x00000000080003bc                DMA2_Stream2_IRQHandler
                0x00000000080003bc                SPI1_IRQHandler
                0x00000000080003bc                TIM6_DAC_IRQHandler
                0x00000000080003bc                TIM1_BRK_TIM9_IRQHandler
                0x00000000080003bc                DCMI_IRQHandler
                0x00000000080003bc                CAN2_RX0_IRQHandler
                0x00000000080003bc                DMA2_Stream3_IRQHandler
                0x00000000080003bc                FMPI2C1_IRQHandler
                0x00000000080003bc                SAI2_IRQHandler
                0x00000000080003bc                USART6_IRQHandler
                0x00000000080003bc                USART3_IRQHandler
                0x00000000080003bc                CAN1_RX1_IRQHandler
                0x00000000080003bc                UART5_IRQHandler
                0x00000000080003bc                DMA2_Stream0_IRQHandler
                0x00000000080003bc                TIM4_IRQHandler
                0x00000000080003bc                I2C1_EV_IRQHandler
                0x00000000080003bc                HDMI_CEC_IRQHandler
                0x00000000080003bc                DMA1_Stream6_IRQHandler
                0x00000000080003bc                DMA1_Stream1_IRQHandler
                0x00000000080003bc                UART4_IRQHandler
                0x00000000080003bc                TIM3_IRQHandler
                0x00000000080003bc                RCC_IRQHandler
                0x00000000080003bc                TIM8_BRK_TIM12_IRQHandler
                0x00000000080003bc                Default_Handler
                0x00000000080003bc                EXTI15_10_IRQHandler
                0x00000000080003bc                ADC_IRQHandler
                0x00000000080003bc                DMA1_Stream7_IRQHandler
                0x00000000080003bc                TIM7_IRQHandler
                0x00000000080003bc                CAN2_TX_IRQHandler
                0x00000000080003bc                TIM5_IRQHandler
                0x00000000080003bc                DMA2_Stream7_IRQHandler
                0x00000000080003bc                I2C3_EV_IRQHandler
                0x00000000080003bc                EXTI9_5_IRQHandler
                0x00000000080003bc                RTC_WKUP_IRQHandler
                0x00000000080003bc                SPI2_IRQHandler
                0x00000000080003bc                OTG_HS_EP1_IN_IRQHandler
                0x00000000080003bc                MemManage_Handler
                0x00000000080003bc                DMA1_Stream0_IRQHandler
                0x00000000080003bc                CAN1_TX_IRQHandler
                0x00000000080003bc                SVC_Handler
                0x00000000080003bc                EXTI4_IRQHandler
                0x00000000080003bc                OTG_HS_EP1_OUT_IRQHandler
                0x00000000080003bc                WWDG_IRQHandler
                0x00000000080003bc                TIM2_IRQHandler
                0x00000000080003bc                OTG_FS_WKUP_IRQHandler
                0x00000000080003bc                TIM1_TRG_COM_TIM11_IRQHandler
                0x00000000080003bc                OTG_HS_IRQHandler
                0x00000000080003bc                EXTI1_IRQHandler
                0x00000000080003bc                USART2_IRQHandler
                0x00000000080003bc                I2C2_ER_IRQHandler
                0x00000000080003bc                DMA2_Stream1_IRQHandler
                0x00000000080003bc                CAN1_SCE_IRQHandler
                0x00000000080003bc                FLASH_IRQHandler
                0x00000000080003bc                DMA2_Stream4_IRQHandler
                0x00000000080003bc                BusFault_Handler
                0x00000000080003bc                USART1_IRQHandler
                0x00000000080003bc                OTG_FS_IRQHandler
                0x00000000080003bc                SPI3_IRQHandler
                0x00000000080003bc                DMA1_Stream4_IRQHandler
                0x00000000080003bc                I2C1_ER_IRQHandler
                0x00000000080003bc                FMC_IRQHandler
                0x00000000080003bc                DMA2_Stream6_IRQHandler
                0x00000000080003bc                SAI1_IRQHandler
                0x00000000080003bc                RTC_Alarm_IRQHandler
 *fill*         0x00000000080003be        0x2 
 .text.GPIO_PeriClockControl
                0x00000000080003c0      0x10c ./drivers/Src/stm32f446_gpio_driver.o
                0x00000000080003c0                GPIO_PeriClockControl
 .text.GPIO_Init
                0x00000000080004cc      0x338 ./drivers/Src/stm32f446_gpio_driver.o
                0x00000000080004cc                GPIO_Init
 .text.GPIO_ReadFromInputPin
                0x0000000008000804       0x2c ./drivers/Src/stm32f446_gpio_driver.o
                0x0000000008000804                GPIO_ReadFromInputPin
 .text.RCC_GetPCLK1Value
                0x0000000008000830       0xb0 ./drivers/Src/stm32f446_rcc_driver.o
                0x0000000008000830                RCC_GetPCLK1Value
 .text.RCC_GetPCLK2Value
                0x00000000080008e0       0xa0 ./drivers/Src/stm32f446_rcc_driver.o
                0x00000000080008e0                RCC_GetPCLK2Value
 .text.RCC_GetPLLOutputClock
                0x0000000008000980       0x10 ./drivers/Src/stm32f446_rcc_driver.o
                0x0000000008000980                RCC_GetPLLOutputClock
 .text.USART_SetBaudRate
                0x0000000008000990       0xe4 ./drivers/Src/stm32f446_usart_driver.o
                0x0000000008000990                USART_SetBaudRate
 .text.USART_Init
                0x0000000008000a74      0x106 ./drivers/Src/stm32f446_usart_driver.o
                0x0000000008000a74                USART_Init
 .text.USART_PeripheralControl
                0x0000000008000b7a       0x38 ./drivers/Src/stm32f446_usart_driver.o
                0x0000000008000b7a                USART_PeripheralControl
 *fill*         0x0000000008000bb2        0x2 
 .text.USART_PeriClockControl
                0x0000000008000bb4       0x88 ./drivers/Src/stm32f446_usart_driver.o
                0x0000000008000bb4                USART_PeriClockControl
 .text.USART_GetFlagStatus
                0x0000000008000c3c       0x2a ./drivers/Src/stm32f446_usart_driver.o
                0x0000000008000c3c                USART_GetFlagStatus
 .text.USART_SendData
                0x0000000008000c66       0x9c ./drivers/Src/stm32f446_usart_driver.o
                0x0000000008000c66                USART_SendData
 *fill*         0x0000000008000d02        0x2 
 .text.__libc_init_array
                0x0000000008000d04       0x48 /Applications/STM32CubeIDE.app/Contents/Eclipse/plugins/com.st.stm32cube.ide.mcu.externaltools.gnu-tools-for-stm32.10.3-2021.10.macos64_1.0.100.202210260954/tools/bin/../lib/gcc/arm-none-eabi/10.3.1/../../../../arm-none-eabi/lib/thumb/v7e-m+fp/hard/libc_nano.a(lib_a-init.o)
                0x0000000008000d04                __libc_init_array
 *(.glue_7)
 .glue_7        0x0000000008000d4c        0x0 linker stubs
 *(.glue_7t)
 .glue_7t       0x0000000008000d4c        0x0 linker stubs
 *(.eh_frame)
 .eh_frame      0x0000000008000d4c        0x0 /Applications/STM32CubeIDE.app/Contents/Eclipse/plugins/com.st.stm32cube.ide.mcu.externaltools.gnu-tools-for-stm32.10.3-2021.10.macos64_1.0.100.202210260954/tools/bin/../lib/gcc/arm-none-eabi/10.3.1/thumb/v7e-m+fp/hard/crtbegin.o
 *(.init)
 .init          0x0000000008000d4c        0x4 /Applications/STM32CubeIDE.app/Contents/Eclipse/plugins/com.st.stm32cube.ide.mcu.externaltools.gnu-tools-for-stm32.10.3-2021.10.macos64_1.0.100.202210260954/tools/bin/../lib/gcc/arm-none-eabi/10.3.1/thumb/v7e-m+fp/hard/crti.o
                0x0000000008000d4c                _init
 .init          0x0000000008000d50        0x8 /Applications/STM32CubeIDE.app/Contents/Eclipse/plugins/com.st.stm32cube.ide.mcu.externaltools.gnu-tools-for-stm32.10.3-2021.10.macos64_1.0.100.202210260954/tools/bin/../lib/gcc/arm-none-eabi/10.3.1/thumb/v7e-m+fp/hard/crtn.o
 *(.fini)
 .fini          0x0000000008000d58        0x4 /Applications/STM32CubeIDE.app/Contents/Eclipse/plugins/com.st.stm32cube.ide.mcu.externaltools.gnu-tools-for-stm32.10.3-2021.10.macos64_1.0.100.202210260954/tools/bin/../lib/gcc/arm-none-eabi/10.3.1/thumb/v7e-m+fp/hard/crti.o
                0x0000000008000d58                _fini
 .fini          0x0000000008000d5c        0x8 /Applications/STM32CubeIDE.app/Contents/Eclipse/plugins/com.st.stm32cube.ide.mcu.externaltools.gnu-tools-for-stm32.10.3-2021.10.macos64_1.0.100.202210260954/tools/bin/../lib/gcc/arm-none-eabi/10.3.1/thumb/v7e-m+fp/hard/crtn.o
                0x0000000008000d64                . = ALIGN (0x4)
                0x0000000008000d64                _etext = .

.vfp11_veneer   0x0000000008000d64        0x0
 .vfp11_veneer  0x0000000008000d64        0x0 linker stubs

.v4_bx          0x0000000008000d64        0x0
 .v4_bx         0x0000000008000d64        0x0 linker stubs

.iplt           0x0000000008000d64        0x0
 .iplt          0x0000000008000d64        0x0 /Applications/STM32CubeIDE.app/Contents/Eclipse/plugins/com.st.stm32cube.ide.mcu.externaltools.gnu-tools-for-stm32.10.3-2021.10.macos64_1.0.100.202210260954/tools/bin/../lib/gcc/arm-none-eabi/10.3.1/thumb/v7e-m+fp/hard/crtbegin.o

.rel.dyn        0x0000000008000d64        0x0
 .rel.iplt      0x0000000008000d64        0x0 /Applications/STM32CubeIDE.app/Contents/Eclipse/plugins/com.st.stm32cube.ide.mcu.externaltools.gnu-tools-for-stm32.10.3-2021.10.macos64_1.0.100.202210260954/tools/bin/../lib/gcc/arm-none-eabi/10.3.1/thumb/v7e-m+fp/hard/crtbegin.o

.rodata         0x0000000008000d64        0x0
                0x0000000008000d64                . = ALIGN (0x4)
 *(.rodata)
 *(.rodata*)
                0x0000000008000d64                . = ALIGN (0x4)

.ARM.extab      0x0000000008000d64        0x0
                0x0000000008000d64                . = ALIGN (0x4)
 *(.ARM.extab* .gnu.linkonce.armextab.*)
                0x0000000008000d64                . = ALIGN (0x4)

.ARM            0x0000000008000d64        0x0
                0x0000000008000d64                . = ALIGN (0x4)
                0x0000000008000d64                __exidx_start = .
 *(.ARM.exidx*)
                0x0000000008000d64                __exidx_end = .
                0x0000000008000d64                . = ALIGN (0x4)

.preinit_array  0x0000000008000d64        0x0
                0x0000000008000d64                . = ALIGN (0x4)
                0x0000000008000d64                PROVIDE (__preinit_array_start = .)
 *(.preinit_array*)
                0x0000000008000d64                PROVIDE (__preinit_array_end = .)
                0x0000000008000d64                . = ALIGN (0x4)

.init_array     0x0000000008000d64        0x4
                0x0000000008000d64                . = ALIGN (0x4)
                0x0000000008000d64                PROVIDE (__init_array_start = .)
 *(SORT_BY_NAME(.init_array.*))
 *(.init_array*)
 .init_array    0x0000000008000d64        0x4 /Applications/STM32CubeIDE.app/Contents/Eclipse/plugins/com.st.stm32cube.ide.mcu.externaltools.gnu-tools-for-stm32.10.3-2021.10.macos64_1.0.100.202210260954/tools/bin/../lib/gcc/arm-none-eabi/10.3.1/thumb/v7e-m+fp/hard/crtbegin.o
                0x0000000008000d68                PROVIDE (__init_array_end = .)
                0x0000000008000d68                . = ALIGN (0x4)

.fini_array     0x0000000008000d68        0x4
                0x0000000008000d68                . = ALIGN (0x4)
                [!provide]                        PROVIDE (__fini_array_start = .)
 *(SORT_BY_NAME(.fini_array.*))
 *(.fini_array*)
 .fini_array    0x0000000008000d68        0x4 /Applications/STM32CubeIDE.app/Contents/Eclipse/plugins/com.st.stm32cube.ide.mcu.externaltools.gnu-tools-for-stm32.10.3-2021.10.macos64_1.0.100.202210260954/tools/bin/../lib/gcc/arm-none-eabi/10.3.1/thumb/v7e-m+fp/hard/crtbegin.o
                [!provide]                        PROVIDE (__fini_array_end = .)
                0x0000000008000d6c                . = ALIGN (0x4)
                0x0000000008000d6c                _sidata = LOADADDR (.data)

.data           0x0000000020000000      0x414 load address 0x0000000008000d6c
                0x0000000020000000                . = ALIGN (0x4)
                0x0000000020000000                _sdata = .
 *(.data)
 *(.data*)
 .data.msg      0x0000000020000000      0x400 ./Src/009USART_send_test.o
                0x0000000020000000                msg
 .data.AHB_PreScaler
                0x0000000020000400       0x10 ./drivers/Src/stm32f446_rcc_driver.o
                0x0000000020000400                AHB_PreScaler
 .data.APB1_PreScaler
                0x0000000020000410        0x4 ./drivers/Src/stm32f446_rcc_driver.o
                0x0000000020000410                APB1_PreScaler
 *(.RamFunc)
 *(.RamFunc*)
                0x0000000020000414                . = ALIGN (0x4)
                0x0000000020000414                _edata = .

.igot.plt       0x0000000020000414        0x0 load address 0x0000000008001180
 .igot.plt      0x0000000020000414        0x0 /Applications/STM32CubeIDE.app/Contents/Eclipse/plugins/com.st.stm32cube.ide.mcu.externaltools.gnu-tools-for-stm32.10.3-2021.10.macos64_1.0.100.202210260954/tools/bin/../lib/gcc/arm-none-eabi/10.3.1/thumb/v7e-m+fp/hard/crtbegin.o
                0x0000000020000414                . = ALIGN (0x4)

.bss            0x0000000020000414       0x40 load address 0x0000000008001180
                0x0000000020000414                _sbss = .
                0x0000000020000414                __bss_start__ = _sbss
 *(.bss)
 .bss           0x0000000020000414       0x1c /Applications/STM32CubeIDE.app/Contents/Eclipse/plugins/com.st.stm32cube.ide.mcu.externaltools.gnu-tools-for-stm32.10.3-2021.10.macos64_1.0.100.202210260954/tools/bin/../lib/gcc/arm-none-eabi/10.3.1/thumb/v7e-m+fp/hard/crtbegin.o
 *(.bss*)
 .bss.usart2_handle
                0x0000000020000430       0x24 ./Src/009USART_send_test.o
                0x0000000020000430                usart2_handle
 *(COMMON)
                0x0000000020000454                . = ALIGN (0x4)
                0x0000000020000454                _ebss = .
                0x0000000020000454                __bss_end__ = _ebss

._user_heap_stack
                0x0000000020000454      0x604 load address 0x0000000008001180
                0x0000000020000458                . = ALIGN (0x8)
 *fill*         0x0000000020000454        0x4 
                0x0000000020000458                PROVIDE (end = .)
                [!provide]                        PROVIDE (_end = .)
                0x0000000020000658                . = (. + _Min_Heap_Size)
 *fill*         0x0000000020000458      0x200 
                0x0000000020000a58                . = (. + _Min_Stack_Size)
 *fill*         0x0000000020000658      0x400 
                0x0000000020000a58                . = ALIGN (0x8)

/DISCARD/
 libc.a(*)
 libm.a(*)
 libgcc.a(*)

.ARM.attributes
                0x0000000000000000       0x30
 *(.ARM.attributes)
 .ARM.attributes
                0x0000000000000000       0x1e /Applications/STM32CubeIDE.app/Contents/Eclipse/plugins/com.st.stm32cube.ide.mcu.externaltools.gnu-tools-for-stm32.10.3-2021.10.macos64_1.0.100.202210260954/tools/bin/../lib/gcc/arm-none-eabi/10.3.1/thumb/v7e-m+fp/hard/crti.o
 .ARM.attributes
                0x000000000000001e       0x34 /Applications/STM32CubeIDE.app/Contents/Eclipse/plugins/com.st.stm32cube.ide.mcu.externaltools.gnu-tools-for-stm32.10.3-2021.10.macos64_1.0.100.202210260954/tools/bin/../lib/gcc/arm-none-eabi/10.3.1/thumb/v7e-m+fp/hard/crtbegin.o
 .ARM.attributes
                0x0000000000000052       0x34 ./Src/009USART_send_test.o
 .ARM.attributes
                0x0000000000000086       0x21 ./Startup/startup_stm32f446zetx.o
 .ARM.attributes
                0x00000000000000a7       0x34 ./drivers/Src/stm32f446_gpio_driver.o
 .ARM.attributes
                0x00000000000000db       0x34 ./drivers/Src/stm32f446_rcc_driver.o
 .ARM.attributes
                0x000000000000010f       0x34 ./drivers/Src/stm32f446_usart_driver.o
 .ARM.attributes
                0x0000000000000143       0x34 /Applications/STM32CubeIDE.app/Contents/Eclipse/plugins/com.st.stm32cube.ide.mcu.externaltools.gnu-tools-for-stm32.10.3-2021.10.macos64_1.0.100.202210260954/tools/bin/../lib/gcc/arm-none-eabi/10.3.1/../../../../arm-none-eabi/lib/thumb/v7e-m+fp/hard/libc_nano.a(lib_a-init.o)
 .ARM.attributes
                0x0000000000000177       0x17 /Applications/STM32CubeIDE.app/Contents/Eclipse/plugins/com.st.stm32cube.ide.mcu.externaltools.gnu-tools-for-stm32.10.3-2021.10.macos64_1.0.100.202210260954/tools/bin/../lib/gcc/arm-none-eabi/10.3.1/../../../../arm-none-eabi/lib/thumb/v7e-m+fp/hard/libc_nano.a(lib_a-strlen.o)
 .ARM.attributes
                0x000000000000018e       0x1e /Applications/STM32CubeIDE.app/Contents/Eclipse/plugins/com.st.stm32cube.ide.mcu.externaltools.gnu-tools-for-stm32.10.3-2021.10.macos64_1.0.100.202210260954/tools/bin/../lib/gcc/arm-none-eabi/10.3.1/thumb/v7e-m+fp/hard/crtn.o
OUTPUT(stm32f4xx_drivers.elf elf32-littlearm)
LOAD linker stubs
LOAD /Applications/STM32CubeIDE.app/Contents/Eclipse/plugins/com.st.stm32cube.ide.mcu.externaltools.gnu-tools-for-stm32.10.3-2021.10.macos64_1.0.100.202210260954/tools/bin/../lib/gcc/arm-none-eabi/10.3.1/../../../../arm-none-eabi/lib/thumb/v7e-m+fp/hard/libc.a
LOAD /Applications/STM32CubeIDE.app/Contents/Eclipse/plugins/com.st.stm32cube.ide.mcu.externaltools.gnu-tools-for-stm32.10.3-2021.10.macos64_1.0.100.202210260954/tools/bin/../lib/gcc/arm-none-eabi/10.3.1/../../../../arm-none-eabi/lib/thumb/v7e-m+fp/hard/libm.a
LOAD /Applications/STM32CubeIDE.app/Contents/Eclipse/plugins/com.st.stm32cube.ide.mcu.externaltools.gnu-tools-for-stm32.10.3-2021.10.macos64_1.0.100.202210260954/tools/bin/../lib/gcc/arm-none-eabi/10.3.1/thumb/v7e-m+fp/hard/libgcc.a

.debug_info     0x0000000000000000     0x16fb
 .debug_info    0x0000000000000000      0x4db ./Src/009USART_send_test.o
 .debug_info    0x00000000000004db       0x22 ./Startup/startup_stm32f446zetx.o
 .debug_info    0x00000000000004fd      0x79e ./drivers/Src/stm32f446_gpio_driver.o
 .debug_info    0x0000000000000c9b      0x3e3 ./drivers/Src/stm32f446_rcc_driver.o
 .debug_info    0x000000000000107e      0x67d ./drivers/Src/stm32f446_usart_driver.o

.debug_abbrev   0x0000000000000000      0x5b5
 .debug_abbrev  0x0000000000000000      0x191 ./Src/009USART_send_test.o
 .debug_abbrev  0x0000000000000191       0x12 ./Startup/startup_stm32f446zetx.o
 .debug_abbrev  0x00000000000001a3      0x162 ./drivers/Src/stm32f446_gpio_driver.o
 .debug_abbrev  0x0000000000000305      0x111 ./drivers/Src/stm32f446_rcc_driver.o
 .debug_abbrev  0x0000000000000416      0x19f ./drivers/Src/stm32f446_usart_driver.o

.debug_aranges  0x0000000000000000      0x160
 .debug_aranges
                0x0000000000000000       0x40 ./Src/009USART_send_test.o
 .debug_aranges
                0x0000000000000040       0x28 ./Startup/startup_stm32f446zetx.o
 .debug_aranges
                0x0000000000000068       0x70 ./drivers/Src/stm32f446_gpio_driver.o
 .debug_aranges
                0x00000000000000d8       0x30 ./drivers/Src/stm32f446_rcc_driver.o
 .debug_aranges
                0x0000000000000108       0x58 ./drivers/Src/stm32f446_usart_driver.o

.debug_ranges   0x0000000000000000      0x118
 .debug_ranges  0x0000000000000000       0x30 ./Src/009USART_send_test.o
 .debug_ranges  0x0000000000000030       0x20 ./Startup/startup_stm32f446zetx.o
 .debug_ranges  0x0000000000000050       0x60 ./drivers/Src/stm32f446_gpio_driver.o
 .debug_ranges  0x00000000000000b0       0x20 ./drivers/Src/stm32f446_rcc_driver.o
 .debug_ranges  0x00000000000000d0       0x48 ./drivers/Src/stm32f446_usart_driver.o

.debug_macro    0x0000000000000000     0x2eb3
 .debug_macro   0x0000000000000000      0x241 ./Src/009USART_send_test.o
 .debug_macro   0x0000000000000241      0xa7e ./Src/009USART_send_test.o
 .debug_macro   0x0000000000000cbf       0x22 ./Src/009USART_send_test.o
 .debug_macro   0x0000000000000ce1       0x4c ./Src/009USART_send_test.o
 .debug_macro   0x0000000000000d2d       0x1e ./Src/009USART_send_test.o
 .debug_macro   0x0000000000000d4b       0x94 ./Src/009USART_send_test.o
 .debug_macro   0x0000000000000ddf       0x3c ./Src/009USART_send_test.o
 .debug_macro   0x0000000000000e1b       0x34 ./Src/009USART_send_test.o
 .debug_macro   0x0000000000000e4f       0x16 ./Src/009USART_send_test.o
 .debug_macro   0x0000000000000e65       0x57 ./Src/009USART_send_test.o
 .debug_macro   0x0000000000000ebc       0x97 ./Src/009USART_send_test.o
 .debug_macro   0x0000000000000f53      0x341 ./Src/009USART_send_test.o
 .debug_macro   0x0000000000001294       0xfd ./Src/009USART_send_test.o
 .debug_macro   0x0000000000001391       0x10 ./Src/009USART_send_test.o
 .debug_macro   0x00000000000013a1       0x16 ./Src/009USART_send_test.o
 .debug_macro   0x00000000000013b7       0x43 ./Src/009USART_send_test.o
 .debug_macro   0x00000000000013fa       0x34 ./Src/009USART_send_test.o
 .debug_macro   0x000000000000142e       0x10 ./Src/009USART_send_test.o
 .debug_macro   0x000000000000143e       0x58 ./Src/009USART_send_test.o
 .debug_macro   0x0000000000001496       0x71 ./Src/009USART_send_test.o
 .debug_macro   0x0000000000001507       0x1c ./Src/009USART_send_test.o
 .debug_macro   0x0000000000001523      0x12a ./Src/009USART_send_test.o
 .debug_macro   0x000000000000164d       0x10 ./Src/009USART_send_test.o
 .debug_macro   0x000000000000165d       0x6a ./Src/009USART_send_test.o
 .debug_macro   0x00000000000016c7       0x1c ./Src/009USART_send_test.o
 .debug_macro   0x00000000000016e3       0x52 ./Src/009USART_send_test.o
 .debug_macro   0x0000000000001735       0x22 ./Src/009USART_send_test.o
 .debug_macro   0x0000000000001757       0x10 ./Src/009USART_send_test.o
 .debug_macro   0x0000000000001767       0x52 ./Src/009USART_send_test.o
 .debug_macro   0x00000000000017b9       0xd5 ./Src/009USART_send_test.o
 .debug_macro   0x000000000000188e       0x1c ./Src/009USART_send_test.o
 .debug_macro   0x00000000000018aa       0x3d ./Src/009USART_send_test.o
 .debug_macro   0x00000000000018e7       0x16 ./Src/009USART_send_test.o
 .debug_macro   0x00000000000018fd      0x145 ./Src/009USART_send_test.o
 .debug_macro   0x0000000000001a42      0x103 ./Src/009USART_send_test.o
 .debug_macro   0x0000000000001b45      0x1df ./Src/009USART_send_test.o
 .debug_macro   0x0000000000001d24      0x666 ./Src/009USART_send_test.o
 .debug_macro   0x000000000000238a       0xc4 ./Src/009USART_send_test.o
 .debug_macro   0x000000000000244e       0x9a ./Src/009USART_send_test.o
 .debug_macro   0x00000000000024e8       0xd6 ./Src/009USART_send_test.o
 .debug_macro   0x00000000000025be      0x106 ./Src/009USART_send_test.o
 .debug_macro   0x00000000000026c4       0x16 ./Src/009USART_send_test.o
 .debug_macro   0x00000000000026da       0x35 ./Src/009USART_send_test.o
 .debug_macro   0x000000000000270f       0x20 ./Src/009USART_send_test.o
 .debug_macro   0x000000000000272f       0xc2 ./drivers/Src/stm32f446_gpio_driver.o
 .debug_macro   0x00000000000027f1      0x174 ./drivers/Src/stm32f446_gpio_driver.o
 .debug_macro   0x0000000000002965       0x8e ./drivers/Src/stm32f446_gpio_driver.o
 .debug_macro   0x00000000000029f3       0x51 ./drivers/Src/stm32f446_gpio_driver.o
 .debug_macro   0x0000000000002a44       0x94 ./drivers/Src/stm32f446_gpio_driver.o
 .debug_macro   0x0000000000002ad8       0xc0 ./drivers/Src/stm32f446_rcc_driver.o
 .debug_macro   0x0000000000002b98      0x21b ./drivers/Src/stm32f446_usart_driver.o
 .debug_macro   0x0000000000002db3      0x100 ./drivers/Src/stm32f446_usart_driver.o

.debug_line     0x0000000000000000     0x209c
 .debug_line    0x0000000000000000      0x7a5 ./Src/009USART_send_test.o
 .debug_line    0x00000000000007a5       0x84 ./Startup/startup_stm32f446zetx.o
 .debug_line    0x0000000000000829      0x9ba ./drivers/Src/stm32f446_gpio_driver.o
 .debug_line    0x00000000000011e3      0x585 ./drivers/Src/stm32f446_rcc_driver.o
 .debug_line    0x0000000000001768      0x934 ./drivers/Src/stm32f446_usart_driver.o

.debug_str      0x0000000000000000     0xa8dc
 .debug_str     0x0000000000000000     0xa478 ./Src/009USART_send_test.o
                                       0xa692 (size before relaxing)
 .debug_str     0x000000000000a478       0x31 ./Startup/startup_stm32f446zetx.o
                                         0x76 (size before relaxing)
 .debug_str     0x000000000000a4a9      0x2a6 ./drivers/Src/stm32f446_gpio_driver.o
                                       0x69c0 (size before relaxing)
 .debug_str     0x000000000000a74f       0xbf ./drivers/Src/stm32f446_rcc_driver.o
                                       0x680e (size before relaxing)
 .debug_str     0x000000000000a80e       0xce ./drivers/Src/stm32f446_usart_driver.o
                                       0xa6de (size before relaxing)

.comment        0x0000000000000000       0x50
 .comment       0x0000000000000000       0x50 ./Src/009USART_send_test.o
                                         0x51 (size before relaxing)
 .comment       0x0000000000000050       0x51 ./drivers/Src/stm32f446_gpio_driver.o
 .comment       0x0000000000000050       0x51 ./drivers/Src/stm32f446_rcc_driver.o
 .comment       0x0000000000000050       0x51 ./drivers/Src/stm32f446_usart_driver.o

.debug_frame    0x0000000000000000      0x468
 .debug_frame   0x0000000000000000       0xb8 ./Src/009USART_send_test.o
 .debug_frame   0x00000000000000b8      0x1c8 ./drivers/Src/stm32f446_gpio_driver.o
 .debug_frame   0x0000000000000280       0x7c ./drivers/Src/stm32f446_rcc_driver.o
 .debug_frame   0x00000000000002fc      0x140 ./drivers/Src/stm32f446_usart_driver.o
 .debug_frame   0x000000000000043c       0x2c /Applications/STM32CubeIDE.app/Contents/Eclipse/plugins/com.st.stm32cube.ide.mcu.externaltools.gnu-tools-for-stm32.10.3-2021.10.macos64_1.0.100.202210260954/tools/bin/../lib/gcc/arm-none-eabi/10.3.1/../../../../arm-none-eabi/lib/thumb/v7e-m+fp/hard/libc_nano.a(lib_a-init.o)
