14:00:57 **** Incremental Build of configuration Debug for project task_scheduler ****
make -j3 all 
arm-none-eabi-gcc "../Src/main.c" -mcpu=cortex-m4 -std=gnu11 -g3 -DDEBUG -DSTM32 -DSTM32F4 -DSTM32F446ZETx -c -I../Inc -O0 -ffunction-sections -fdata-sections -Wall -fstack-usage -MMD -MP -MF"Src/main.d" -MT"Src/main.o" --specs=nano.specs -mfpu=fpv4-sp-d16 -mfloat-abi=hard -mthumb -o "Src/main.o"
arm-none-eabi-gcc -o "task_scheduler.elf" @"objects.list"   -mcpu=cortex-m4 -T"/Users/sscl/Desktop/m11003419/自學/cortexm/task_scheduler/STM32F446ZETX_FLASH.ld" --specs=nosys.specs -Wl,-Map="task_scheduler.map" -Wl,--gc-sections -static --specs=nano.specs -mfpu=fpv4-sp-d16 -mfloat-abi=hard -mthumb -Wl,--start-group -lc -lm -Wl,--end-group
Finished building target: task_scheduler.elf
 
arm-none-eabi-size   task_scheduler.elf 
arm-none-eabi-objdump -h -S  task_scheduler.elf  > "task_scheduler.list"
   text	   data	    bss	    dec	    hex	filename
   6896	    112	   1672	   8680	   21e8	task_scheduler.elf
Finished building: default.size.stdout
 
Finished building: task_scheduler.list
 

14:00:58 Build Finished. 0 errors, 0 warnings. (took 996ms)

